> Task :app:checkKotlinGradlePluginConfigurationErrors
> Task :app:preBuild UP-TO-DATE
> Task :app:preDebugBuild UP-TO-DATE
> Task :app:generateDebugBuildConfig UP-TO-DATE
> Task :app:checkDebugAarMetadata UP-TO-DATE
> Task :app:generateDebugResValues UP-TO-DATE
> Task :app:mapDebugSourceSetPaths UP-TO-DATE
> Task :app:generateDebugResources UP-TO-DATE
> Task :app:mergeDebugResources UP-TO-DATE
> Task :app:packageDebugResources UP-TO-DATE
> Task :app:parseDebugLocalResources UP-TO-DATE
> Task :app:createDebugCompatibleScreenManifests UP-TO-DATE
> Task :app:extractDeepLinksDebug UP-TO-DATE
> Task :app:processDebugMainManifest UP-TO-DATE
> Task :app:processDebugManifest UP-TO-DATE
> Task :app:processDebugManifestForPackage UP-TO-DATE
> Task :app:processDebugResources FAILED

[Incubating] Problems report is available at: file:///C:/Users/New/AndroidStudioProjects/CyberApp/build/reports/problems/problems-report.html
./gradlew : 
At line:1 char:1
+ ./gradlew compileDebugKo
tlin > build_error.log 2>&
1
+ ~~~~~~~~~~~~~~~~~~~~~~~~
~~~~~~~~~~~~~~~~~~~~~~~~~~
~
    + CategoryInfo        
      : NotSpecified: (:  
  String) [], RemoteExc   
 eption
    + FullyQualifiedError 
   Id : NativeCommandErr  
  or
 
FAILURE: Build failed with
 an exception.

* What went wrong:
Execution failed for task 
':app:processDebugResource
s'.
> A failure occurred while
 executing com.android.bui
ld.gradle.internal.res.Lin
kApplicationAndroidResourc
esTask$TaskAction
   > Android resource link
ing failed
     ERROR: C:\Users\New\A
ndroidStudioProjects\Cyber
App\app\src\main\res\layou
t\activity_safe_webview.xm
l:27: AAPT: error: resourc
e drawable/ic_lock (aka co
m.example.cyberapp:drawabl
e/ic_lock) not found.
         

* Try:
> Run with --stacktrace op
tion to get the stack trac
e.
> Run with --info or --deb
ug option to get more log 
output.
> Run with --scan to get f
ull insights.
> Get more help at https:/
/help.gradle.org.

Deprecated Gradle features were used in this build, making it incompatible with Gradle 9.0.

You can use '--warning-mode all' to show the individual deprecation warnings and determine if they come from your own scripts or plugins.

For more on this, please refer to https://docs.gradle.org/8.13/userguide/command_line_interface.html#sec:command_line_warnings in the Gradle documentation.

BUILD FAILED in 2s
15 actionable tasks: 2 executed, 13 up-to-date
